---
source: crates/squawk_parser/tests/tests.rs
input_file: crates/squawk_parser/tests/data/regression_suite/rowsecurity.sql
---
ERROR@19198: expected R_PAREN
ERROR@19263: expected SEMICOLON
ERROR@19263: expected command, found R_PAREN
ERROR@19316: expected R_PAREN
ERROR@19379: expected SEMICOLON
ERROR@19379: expected command, found R_PAREN
ERROR@24068: expected R_PAREN
ERROR@24133: expected SEMICOLON
ERROR@24133: expected command, found R_PAREN
ERROR@48431: expected R_PAREN
ERROR@48494: expected SEMICOLON
ERROR@48494: expected command, found R_PAREN
ERROR@50391: expected R_PAREN
ERROR@50454: expected SEMICOLON
ERROR@50454: expected command, found R_PAREN
ERROR@51523: expected R_PAREN
ERROR@51539: expected SEMICOLON
ERROR@51539: expected command, found R_PAREN
ERROR@51578: expected R_PAREN
ERROR@51594: expected SEMICOLON
ERROR@51594: expected command, found R_PAREN
ERROR@54086: expected R_PAREN
ERROR@54149: expected SEMICOLON
ERROR@54149: expected command, found R_PAREN
ERROR@54301: expected L_PAREN
ERROR@54315: expected R_PAREN
ERROR@54398: expected L_PAREN
ERROR@54412: expected R_PAREN
ERROR@54583: expected L_PAREN
ERROR@54597: expected R_PAREN
ERROR@54714: expected L_PAREN
ERROR@54728: expected R_PAREN
ERROR@54925: expected L_PAREN
ERROR@54939: expected R_PAREN
ERROR@55027: expected L_PAREN
ERROR@55041: expected R_PAREN
ERROR@55247: expected L_PAREN
ERROR@55261: expected R_PAREN
ERROR@55378: expected L_PAREN
ERROR@55392: expected R_PAREN
ERROR@55952: expected L_PAREN
ERROR@55966: expected R_PAREN
ERROR@56023: expected L_PAREN
ERROR@56037: expected R_PAREN
ERROR@56182: expected L_PAREN
ERROR@56196: expected R_PAREN
ERROR@56287: expected L_PAREN
ERROR@56301: expected R_PAREN
ERROR@56472: expected L_PAREN
ERROR@56486: expected R_PAREN
ERROR@56548: expected L_PAREN
ERROR@56562: expected R_PAREN
ERROR@56742: expected L_PAREN
ERROR@56756: expected R_PAREN
ERROR@56840: expected L_PAREN
ERROR@56854: expected R_PAREN
ERROR@57217: expected L_PAREN
ERROR@57231: expected R_PAREN
ERROR@57288: expected L_PAREN
ERROR@57302: expected R_PAREN
ERROR@57447: expected L_PAREN
ERROR@57461: expected R_PAREN
ERROR@57552: expected L_PAREN
ERROR@57566: expected R_PAREN
ERROR@57737: expected L_PAREN
ERROR@57751: expected R_PAREN
ERROR@57813: expected L_PAREN
ERROR@57827: expected R_PAREN
ERROR@58007: expected L_PAREN
ERROR@58021: expected R_PAREN
ERROR@58105: expected L_PAREN
ERROR@58119: expected R_PAREN
ERROR@62112: expected type name
ERROR@62639: expected type name
ERROR@63728: expected type name
ERROR@79066: expected SEMICOLON
ERROR@79066: expected command, found DOT
ERROR@79067: expected command, found IDENT
