---
source: crates/squawk_parser/tests/tests.rs
input_file: crates/squawk_parser/tests/data/ok/discard.sql
---
SOURCE_FILE
  COMMENT "-- pg_docs"
  WHITESPACE "\n"
  DISCARD
    DISCARD_KW "DISCARD"
    WHITESPACE " "
    DISCARD_ALL
      ALL_KW "ALL"
    SEMICOLON ";"
  WHITESPACE "\n"
  DISCARD
    DISCARD_KW "DISCARD"
    WHITESPACE " "
    DISCARD_PLANS
      PLANS_KW "PLANS"
    SEMICOLON ";"
  WHITESPACE "\n"
  DISCARD
    DISCARD_KW "DISCARD"
    WHITESPACE " "
    DISCARD_SEQUENCES
      SEQUENCES_KW "SEQUENCES"
    SEMICOLON ";"
  WHITESPACE "\n"
  DISCARD
    DISCARD_KW "DISCARD"
    WHITESPACE " "
    DISCARD_TEMP
      TEMPORARY_KW "TEMPORARY"
    SEMICOLON ";"
  WHITESPACE "\n"
  DISCARD
    DISCARD_KW "DISCARD"
    WHITESPACE " "
    DISCARD_TEMP
      TEMP_KW "TEMP"
    SEMICOLON ";"
  WHITESPACE "\n\n"
