---
source: crates/squawk_parser/tests/tests.rs
input_file: crates/squawk_parser/tests/data/regression_suite/subselect.sql
---
ERROR@31606: expected DELETE, SELECT, TABLE, VALUES, INSERT, WITH, or UPDATE, got: L_PAREN
ERROR@31606: expected R_PAREN
ERROR@31606: expected DELETE, SELECT, TABLE, UPDATE, or MERGE, got: L_PAREN
ERROR@31606: expected SELECT, INSERT, UPDATE, DELETE, MERGE, VALUES, EXECUTE, DECLARE, CREATE TABLE AS, or CREATE MATERIALIZED VIEW AS
ERROR@31606: expected SEMICOLON
ERROR@31606: expected command, found L_PAREN
ERROR@31626: expected SEMICOLON
ERROR@31626: expected command, found R_PAREN
ERROR@31631: expected command, found UNION_KW
ERROR@31637: expected command, found ALL_KW
ERROR@31644: expected command, found L_PAREN
ERROR@31777: expected SEMICOLON
ERROR@31777: expected command, found R_PAREN
ERROR@31778: expected command, found R_PAREN
ERROR@31824: expected DELETE, SELECT, TABLE, VALUES, INSERT, WITH, or UPDATE, got: L_PAREN
ERROR@31824: expected R_PAREN
ERROR@31824: expected DELETE, SELECT, TABLE, UPDATE, or MERGE, got: L_PAREN
ERROR@31824: expected command, found L_PAREN
ERROR@31844: expected SEMICOLON
ERROR@31844: expected command, found R_PAREN
ERROR@31849: expected command, found UNION_KW
ERROR@31855: expected command, found ALL_KW
ERROR@31862: expected command, found L_PAREN
ERROR@31995: expected SEMICOLON
ERROR@31995: expected command, found R_PAREN
ERROR@31996: expected command, found R_PAREN
ERROR@32071: expected DELETE, SELECT, TABLE, VALUES, INSERT, WITH, or UPDATE, got: L_PAREN
ERROR@32071: expected R_PAREN
ERROR@32071: expected DELETE, SELECT, TABLE, UPDATE, or MERGE, got: L_PAREN
ERROR@32071: expected SELECT, INSERT, UPDATE, DELETE, MERGE, VALUES, EXECUTE, DECLARE, CREATE TABLE AS, or CREATE MATERIALIZED VIEW AS
ERROR@32071: expected SEMICOLON
ERROR@32071: expected command, found L_PAREN
ERROR@32091: expected SEMICOLON
ERROR@32091: expected command, found R_PAREN
ERROR@32096: expected command, found UNION_KW
ERROR@32102: expected command, found ALL_KW
ERROR@32109: expected command, found L_PAREN
ERROR@32221: expected SEMICOLON
ERROR@32221: expected command, found R_PAREN
ERROR@32222: expected command, found R_PAREN
ERROR@32268: expected DELETE, SELECT, TABLE, VALUES, INSERT, WITH, or UPDATE, got: L_PAREN
ERROR@32268: expected R_PAREN
ERROR@32268: expected DELETE, SELECT, TABLE, UPDATE, or MERGE, got: L_PAREN
ERROR@32268: expected command, found L_PAREN
ERROR@32288: expected SEMICOLON
ERROR@32288: expected command, found R_PAREN
ERROR@32293: expected command, found UNION_KW
ERROR@32299: expected command, found ALL_KW
ERROR@32306: expected command, found L_PAREN
ERROR@32418: expected SEMICOLON
ERROR@32418: expected command, found R_PAREN
ERROR@32419: expected command, found R_PAREN
