---
source: crates/squawk_parser/src/test.rs
input_file: crates/squawk_parser/test_data/ok/alter_text_search_template.sql
---
SOURCE_FILE
  COMMENT "-- rename"
  WHITESPACE "\n"
  ALTER_TEXT_SEARCH_TEMPLATE_STMT
    ALTER_KW "alter"
    WHITESPACE " "
    TEXT_KW "text"
    WHITESPACE " "
    SEARCH_KW "search"
    WHITESPACE " "
    TEMPLATE_KW "template"
    WHITESPACE " "
    PATH
      PATH_SEGMENT
        NAME_REF
          IDENT "t"
    WHITESPACE " "
    RENAME_KW "rename"
    WHITESPACE " "
    TO_KW "to"
    WHITESPACE " "
    NAME
      IDENT "u"
  SEMICOLON ";"
  WHITESPACE "\n\n"
  COMMENT "-- set_schema"
  WHITESPACE "\n"
  ALTER_TEXT_SEARCH_TEMPLATE_STMT
    ALTER_KW "alter"
    WHITESPACE " "
    TEXT_KW "text"
    WHITESPACE " "
    SEARCH_KW "search"
    WHITESPACE " "
    TEMPLATE_KW "template"
    WHITESPACE " "
    PATH
      PATH
        PATH_SEGMENT
          NAME_REF
            IDENT "foo"
      DOT "."
      PATH_SEGMENT
        NAME_REF
          IDENT "t"
    WHITESPACE " "
    SET_KW "set"
    WHITESPACE " "
    SCHEMA_KW "schema"
    WHITESPACE " "
    NAME
      IDENT "s"
  SEMICOLON ";"
  WHITESPACE "\n\n"
