---
source: crates/squawk_parser/src/test.rs
input_file: crates/squawk_parser/test_data/ok/set_session_auth.sql
---
SOURCE_FILE
  COMMENT "-- docs"
  WHITESPACE "\n"
  SET_SESSION_AUTH_STMT
    SET_KW "SET"
    WHITESPACE " "
    SESSION_KW "SESSION"
    WHITESPACE " "
    AUTHORIZATION_KW "AUTHORIZATION"
    WHITESPACE " "
    DECIMAL_KW "decimal"
  SEMICOLON ";"
  WHITESPACE "\n"
  SET_SESSION_AUTH_STMT
    SET_KW "SET"
    WHITESPACE " "
    SESSION_KW "SESSION"
    WHITESPACE " "
    SESSION_KW "SESSION"
    WHITESPACE " "
    AUTHORIZATION_KW "AUTHORIZATION"
    WHITESPACE " "
    LITERAL
      STRING "'foo'"
  SEMICOLON ";"
  WHITESPACE "\n"
  SET_SESSION_AUTH_STMT
    SET_KW "SET"
    WHITESPACE " "
    LOCAL_KW "LOCAL"
    WHITESPACE " "
    SESSION_KW "SESSION"
    WHITESPACE " "
    AUTHORIZATION_KW "AUTHORIZATION"
    WHITESPACE " "
    DEFAULT_KW "DEFAULT"
  SEMICOLON ";"
  WHITESPACE "\n"
  SET_SESSION_AUTH_STMT
    RESET_KW "RESET"
    WHITESPACE " "
    SESSION_KW "SESSION"
    WHITESPACE " "
    AUTHORIZATION_KW "AUTHORIZATION"
  SEMICOLON ";"
  WHITESPACE "\n\n"
