---
source: crates/squawk_parser/src/test.rs
input_file: crates/squawk_parser/test_data/ok/create_text_search_template.sql
---
SOURCE_FILE
  COMMENT "-- simple"
  WHITESPACE "\n"
  CREATE_TEXT_SEARCH_PARSER_STMT
    CREATE_KW "create"
    WHITESPACE " "
    TEXT_KW "text"
    WHITESPACE " "
    SEARCH_KW "search"
    WHITESPACE " "
    TEMPLATE_KW "template"
    WHITESPACE " "
    PATH
      PATH_SEGMENT
        NAME
          NAME_KW "name"
    WHITESPACE " "
    L_PAREN "("
    WHITESPACE "\n  "
    NAME
      IDENT "lexize"
    WHITESPACE " "
    EQ "="
    WHITESPACE " "
    PATH_TYPE
      PATH
        PATH_SEGMENT
          NAME_REF
            IDENT "f"
    WHITESPACE "\n"
    R_PAREN ")"
  SEMICOLON ";"
  WHITESPACE "\n\n"
  COMMENT "-- full"
  WHITESPACE "\n"
  CREATE_TEXT_SEARCH_PARSER_STMT
    CREATE_KW "create"
    WHITESPACE " "
    TEXT_KW "text"
    WHITESPACE " "
    SEARCH_KW "search"
    WHITESPACE " "
    TEMPLATE_KW "template"
    WHITESPACE " "
    PATH
      PATH
        PATH_SEGMENT
          NAME_REF
            IDENT "foo"
      DOT "."
      PATH_SEGMENT
        NAME
          NAME_KW "name"
    WHITESPACE " "
    L_PAREN "("
    WHITESPACE "\n  "
    NAME
      IDENT "INIT"
    WHITESPACE " "
    EQ "="
    WHITESPACE " "
    PATH_TYPE
      PATH
        PATH_SEGMENT
          NAME_REF
            IDENT "init_function"
    COMMA ","
    WHITESPACE "\n  "
    NAME
      IDENT "lexize"
    WHITESPACE " "
    EQ "="
    WHITESPACE " "
    PATH_TYPE
      PATH
        PATH_SEGMENT
          NAME_REF
            IDENT "lexize_function"
    WHITESPACE "\n"
    R_PAREN ")"
  SEMICOLON ";"
  WHITESPACE "\n\n"
