---
source: parser/src/parse.rs
expression: res
---
Ok(
    [
        RawStmt {
            stmt: CreateOpClassStmt(
                Object({
                    "amname": String(
                        "gist",
                    ),
                    "datatype": Object({
                        "location": Number(
                            58,
                        ),
                        "names": Array([
                            Object({
                                "String": Object({
                                    "sval": String(
                                        "_int4",
                                    ),
                                }),
                            }),
                        ]),
                        "typemod": Number(
                            -1,
                        ),
                    }),
                    "isDefault": Bool(
                        true,
                    ),
                    "items": Array([
                        Object({
                            "CreateOpClassItem": Object({
                                "itemtype": Number(
                                    1,
                                ),
                                "name": Object({
                                    "objname": Array([
                                        Object({
                                            "String": Object({
                                                "sval": String(
                                                    "&&",
                                                ),
                                            }),
                                        }),
                                    ]),
                                }),
                                "number": Number(
                                    3,
                                ),
                            }),
                        }),
                        Object({
                            "CreateOpClassItem": Object({
                                "itemtype": Number(
                                    1,
                                ),
                                "name": Object({
                                    "objargs": Array([
                                        Object({
                                            "TypeName": Object({
                                                "location": Number(
                                                    149,
                                                ),
                                                "names": Array([
                                                    Object({
                                                        "String": Object({
                                                            "sval": String(
                                                                "anyarray",
                                                            ),
                                                        }),
                                                    }),
                                                ]),
                                                "typemod": Number(
                                                    -1,
                                                ),
                                            }),
                                        }),
                                        Object({
                                            "TypeName": Object({
                                                "location": Number(
                                                    159,
                                                ),
                                                "names": Array([
                                                    Object({
                                                        "String": Object({
                                                            "sval": String(
                                                                "anyarray",
                                                            ),
                                                        }),
                                                    }),
                                                ]),
                                                "typemod": Number(
                                                    -1,
                                                ),
                                            }),
                                        }),
                                    ]),
                                    "objname": Array([
                                        Object({
                                            "String": Object({
                                                "sval": String(
                                                    "=",
                                                ),
                                            }),
                                        }),
                                    ]),
                                }),
                                "number": Number(
                                    6,
                                ),
                            }),
                        }),
                        Object({
                            "CreateOpClassItem": Object({
                                "itemtype": Number(
                                    1,
                                ),
                                "name": Object({
                                    "objname": Array([
                                        Object({
                                            "String": Object({
                                                "sval": String(
                                                    "@>",
                                                ),
                                            }),
                                        }),
                                    ]),
                                }),
                                "number": Number(
                                    7,
                                ),
                            }),
                        }),
                        Object({
                            "CreateOpClassItem": Object({
                                "itemtype": Number(
                                    1,
                                ),
                                "name": Object({
                                    "objname": Array([
                                        Object({
                                            "String": Object({
                                                "sval": String(
                                                    "<@",
                                                ),
                                            }),
                                        }),
                                    ]),
                                }),
                                "number": Number(
                                    8,
                                ),
                            }),
                        }),
                        Object({
                            "CreateOpClassItem": Object({
                                "itemtype": Number(
                                    1,
                                ),
                                "name": Object({
                                    "objargs": Array([
                                        Object({
                                            "TypeName": Object({
                                                "location": Number(
                                                    278,
                                                ),
                                                "names": Array([
                                                    Object({
                                                        "String": Object({
                                                            "sval": String(
                                                                "_int4",
                                                            ),
                                                        }),
                                                    }),
                                                ]),
                                                "typemod": Number(
                                                    -1,
                                                ),
                                            }),
                                        }),
                                        Object({
                                            "TypeName": Object({
                                                "location": Number(
                                                    285,
                                                ),
                                                "names": Array([
                                                    Object({
                                                        "String": Object({
                                                            "sval": String(
                                                                "query_int",
                                                            ),
                                                        }),
                                                    }),
                                                ]),
                                                "typemod": Number(
                                                    -1,
                                                ),
                                            }),
                                        }),
                                    ]),
                                    "objname": Array([
                                        Object({
                                            "String": Object({
                                                "sval": String(
                                                    "@@",
                                                ),
                                            }),
                                        }),
                                    ]),
                                }),
                                "number": Number(
                                    20,
                                ),
                            }),
                        }),
                        Object({
                            "CreateOpClassItem": Object({
                                "itemtype": Number(
                                    2,
                                ),
                                "name": Object({
                                    "objargs": Array([
                                        Object({
                                            "TypeName": Object({
                                                "location": Number(
                                                    347,
                                                ),
                                                "names": Array([
                                                    Object({
                                                        "String": Object({
                                                            "sval": String(
                                                                "internal",
                                                            ),
                                                        }),
                                                    }),
                                                ]),
                                                "typemod": Number(
                                                    -1,
                                                ),
                                            }),
                                        }),
                                        Object({
                                            "TypeName": Object({
                                                "location": Number(
                                                    357,
                                                ),
                                                "names": Array([
                                                    Object({
                                                        "String": Object({
                                                            "sval": String(
                                                                "_int4",
                                                            ),
                                                        }),
                                                    }),
                                                ]),
                                                "typemod": Number(
                                                    -1,
                                                ),
                                            }),
                                        }),
                                        Object({
                                            "TypeName": Object({
                                                "location": Number(
                                                    364,
                                                ),
                                                "names": Array([
                                                    Object({
                                                        "String": Object({
                                                            "sval": String(
                                                                "pg_catalog",
                                                            ),
                                                        }),
                                                    }),
                                                    Object({
                                                        "String": Object({
                                                            "sval": String(
                                                                "int4",
                                                            ),
                                                        }),
                                                    }),
                                                ]),
                                                "typemod": Number(
                                                    -1,
                                                ),
                                            }),
                                        }),
                                        Object({
                                            "TypeName": Object({
                                                "location": Number(
                                                    369,
                                                ),
                                                "names": Array([
                                                    Object({
                                                        "String": Object({
                                                            "sval": String(
                                                                "oid",
                                                            ),
                                                        }),
                                                    }),
                                                ]),
                                                "typemod": Number(
                                                    -1,
                                                ),
                                            }),
                                        }),
                                        Object({
                                            "TypeName": Object({
                                                "location": Number(
                                                    374,
                                                ),
                                                "names": Array([
                                                    Object({
                                                        "String": Object({
                                                            "sval": String(
                                                                "internal",
                                                            ),
                                                        }),
                                                    }),
                                                ]),
                                                "typemod": Number(
                                                    -1,
                                                ),
                                            }),
                                        }),
                                    ]),
                                    "objfuncargs": Array([
                                        Object({
                                            "FunctionParameter": Object({
                                                "argType": Object({
                                                    "location": Number(
                                                        347,
                                                    ),
                                                    "names": Array([
                                                        Object({
                                                            "String": Object({
                                                                "sval": String(
                                                                    "internal",
                                                                ),
                                                            }),
                                                        }),
                                                    ]),
                                                    "typemod": Number(
                                                        -1,
                                                    ),
                                                }),
                                                "mode": String(
                                                    "FUNC_PARAM_DEFAULT",
                                                ),
                                            }),
                                        }),
                                        Object({
                                            "FunctionParameter": Object({
                                                "argType": Object({
                                                    "location": Number(
                                                        357,
                                                    ),
                                                    "names": Array([
                                                        Object({
                                                            "String": Object({
                                                                "sval": String(
                                                                    "_int4",
                                                                ),
                                                            }),
                                                        }),
                                                    ]),
                                                    "typemod": Number(
                                                        -1,
                                                    ),
                                                }),
                                                "mode": String(
                                                    "FUNC_PARAM_DEFAULT",
                                                ),
                                            }),
                                        }),
                                        Object({
                                            "FunctionParameter": Object({
                                                "argType": Object({
                                                    "location": Number(
                                                        364,
                                                    ),
                                                    "names": Array([
                                                        Object({
                                                            "String": Object({
                                                                "sval": String(
                                                                    "pg_catalog",
                                                                ),
                                                            }),
                                                        }),
                                                        Object({
                                                            "String": Object({
                                                                "sval": String(
                                                                    "int4",
                                                                ),
                                                            }),
                                                        }),
                                                    ]),
                                                    "typemod": Number(
                                                        -1,
                                                    ),
                                                }),
                                                "mode": String(
                                                    "FUNC_PARAM_DEFAULT",
                                                ),
                                            }),
                                        }),
                                        Object({
                                            "FunctionParameter": Object({
                                                "argType": Object({
                                                    "location": Number(
                                                        369,
                                                    ),
                                                    "names": Array([
                                                        Object({
                                                            "String": Object({
                                                                "sval": String(
                                                                    "oid",
                                                                ),
                                                            }),
                                                        }),
                                                    ]),
                                                    "typemod": Number(
                                                        -1,
                                                    ),
                                                }),
                                                "mode": String(
                                                    "FUNC_PARAM_DEFAULT",
                                                ),
                                            }),
                                        }),
                                        Object({
                                            "FunctionParameter": Object({
                                                "argType": Object({
                                                    "location": Number(
                                                        374,
                                                    ),
                                                    "names": Array([
                                                        Object({
                                                            "String": Object({
                                                                "sval": String(
                                                                    "internal",
                                                                ),
                                                            }),
                                                        }),
                                                    ]),
                                                    "typemod": Number(
                                                        -1,
                                                    ),
                                                }),
                                                "mode": String(
                                                    "FUNC_PARAM_DEFAULT",
                                                ),
                                            }),
                                        }),
                                    ]),
                                    "objname": Array([
                                        Object({
                                            "String": Object({
                                                "sval": String(
                                                    "g_int_consistent",
                                                ),
                                            }),
                                        }),
                                    ]),
                                }),
                                "number": Number(
                                    1,
                                ),
                            }),
                        }),
                        Object({
                            "CreateOpClassItem": Object({
                                "itemtype": Number(
                                    2,
                                ),
                                "name": Object({
                                    "objargs": Array([
                                        Object({
                                            "TypeName": Object({
                                                "location": Number(
                                                    430,
                                                ),
                                                "names": Array([
                                                    Object({
                                                        "String": Object({
                                                            "sval": String(
                                                                "internal",
                                                            ),
                                                        }),
                                                    }),
                                                ]),
                                                "typemod": Number(
                                                    -1,
                                                ),
                                            }),
                                        }),
                                        Object({
                                            "TypeName": Object({
                                                "location": Number(
                                                    440,
                                                ),
                                                "names": Array([
                                                    Object({
                                                        "String": Object({
                                                            "sval": String(
                                                                "internal",
                                                            ),
                                                        }),
                                                    }),
                                                ]),
                                                "typemod": Number(
                                                    -1,
                                                ),
                                            }),
                                        }),
                                    ]),
                                    "objfuncargs": Array([
                                        Object({
                                            "FunctionParameter": Object({
                                                "argType": Object({
                                                    "location": Number(
                                                        430,
                                                    ),
                                                    "names": Array([
                                                        Object({
                                                            "String": Object({
                                                                "sval": String(
                                                                    "internal",
                                                                ),
                                                            }),
                                                        }),
                                                    ]),
                                                    "typemod": Number(
                                                        -1,
                                                    ),
                                                }),
                                                "mode": String(
                                                    "FUNC_PARAM_DEFAULT",
                                                ),
                                            }),
                                        }),
                                        Object({
                                            "FunctionParameter": Object({
                                                "argType": Object({
                                                    "location": Number(
                                                        440,
                                                    ),
                                                    "names": Array([
                                                        Object({
                                                            "String": Object({
                                                                "sval": String(
                                                                    "internal",
                                                                ),
                                                            }),
                                                        }),
                                                    ]),
                                                    "typemod": Number(
                                                        -1,
                                                    ),
                                                }),
                                                "mode": String(
                                                    "FUNC_PARAM_DEFAULT",
                                                ),
                                            }),
                                        }),
                                    ]),
                                    "objname": Array([
                                        Object({
                                            "String": Object({
                                                "sval": String(
                                                    "g_int_union",
                                                ),
                                            }),
                                        }),
                                    ]),
                                }),
                                "number": Number(
                                    2,
                                ),
                            }),
                        }),
                        Object({
                            "CreateOpClassItem": Object({
                                "itemtype": Number(
                                    2,
                                ),
                                "name": Object({
                                    "objargs": Array([
                                        Object({
                                            "TypeName": Object({
                                                "location": Number(
                                                    499,
                                                ),
                                                "names": Array([
                                                    Object({
                                                        "String": Object({
                                                            "sval": String(
                                                                "internal",
                                                            ),
                                                        }),
                                                    }),
                                                ]),
                                                "typemod": Number(
                                                    -1,
                                                ),
                                            }),
                                        }),
                                    ]),
                                    "objfuncargs": Array([
                                        Object({
                                            "FunctionParameter": Object({
                                                "argType": Object({
                                                    "location": Number(
                                                        499,
                                                    ),
                                                    "names": Array([
                                                        Object({
                                                            "String": Object({
                                                                "sval": String(
                                                                    "internal",
                                                                ),
                                                            }),
                                                        }),
                                                    ]),
                                                    "typemod": Number(
                                                        -1,
                                                    ),
                                                }),
                                                "mode": String(
                                                    "FUNC_PARAM_DEFAULT",
                                                ),
                                            }),
                                        }),
                                    ]),
                                    "objname": Array([
                                        Object({
                                            "String": Object({
                                                "sval": String(
                                                    "g_int_compress",
                                                ),
                                            }),
                                        }),
                                    ]),
                                }),
                                "number": Number(
                                    3,
                                ),
                            }),
                        }),
                        Object({
                            "CreateOpClassItem": Object({
                                "itemtype": Number(
                                    2,
                                ),
                                "name": Object({
                                    "objargs": Array([
                                        Object({
                                            "TypeName": Object({
                                                "location": Number(
                                                    560,
                                                ),
                                                "names": Array([
                                                    Object({
                                                        "String": Object({
                                                            "sval": String(
                                                                "internal",
                                                            ),
                                                        }),
                                                    }),
                                                ]),
                                                "typemod": Number(
                                                    -1,
                                                ),
                                            }),
                                        }),
                                    ]),
                                    "objfuncargs": Array([
                                        Object({
                                            "FunctionParameter": Object({
                                                "argType": Object({
                                                    "location": Number(
                                                        560,
                                                    ),
                                                    "names": Array([
                                                        Object({
                                                            "String": Object({
                                                                "sval": String(
                                                                    "internal",
                                                                ),
                                                            }),
                                                        }),
                                                    ]),
                                                    "typemod": Number(
                                                        -1,
                                                    ),
                                                }),
                                                "mode": String(
                                                    "FUNC_PARAM_DEFAULT",
                                                ),
                                            }),
                                        }),
                                    ]),
                                    "objname": Array([
                                        Object({
                                            "String": Object({
                                                "sval": String(
                                                    "g_int_decompress",
                                                ),
                                            }),
                                        }),
                                    ]),
                                }),
                                "number": Number(
                                    4,
                                ),
                            }),
                        }),
                        Object({
                            "CreateOpClassItem": Object({
                                "itemtype": Number(
                                    2,
                                ),
                                "name": Object({
                                    "objargs": Array([
                                        Object({
                                            "TypeName": Object({
                                                "location": Number(
                                                    618,
                                                ),
                                                "names": Array([
                                                    Object({
                                                        "String": Object({
                                                            "sval": String(
                                                                "internal",
                                                            ),
                                                        }),
                                                    }),
                                                ]),
                                                "typemod": Number(
                                                    -1,
                                                ),
                                            }),
                                        }),
                                        Object({
                                            "TypeName": Object({
                                                "location": Number(
                                                    628,
                                                ),
                                                "names": Array([
                                                    Object({
                                                        "String": Object({
                                                            "sval": String(
                                                                "internal",
                                                            ),
                                                        }),
                                                    }),
                                                ]),
                                                "typemod": Number(
                                                    -1,
                                                ),
                                            }),
                                        }),
                                        Object({
                                            "TypeName": Object({
                                                "location": Number(
                                                    638,
                                                ),
                                                "names": Array([
                                                    Object({
                                                        "String": Object({
                                                            "sval": String(
                                                                "internal",
                                                            ),
                                                        }),
                                                    }),
                                                ]),
                                                "typemod": Number(
                                                    -1,
                                                ),
                                            }),
                                        }),
                                    ]),
                                    "objfuncargs": Array([
                                        Object({
                                            "FunctionParameter": Object({
                                                "argType": Object({
                                                    "location": Number(
                                                        618,
                                                    ),
                                                    "names": Array([
                                                        Object({
                                                            "String": Object({
                                                                "sval": String(
                                                                    "internal",
                                                                ),
                                                            }),
                                                        }),
                                                    ]),
                                                    "typemod": Number(
                                                        -1,
                                                    ),
                                                }),
                                                "mode": String(
                                                    "FUNC_PARAM_DEFAULT",
                                                ),
                                            }),
                                        }),
                                        Object({
                                            "FunctionParameter": Object({
                                                "argType": Object({
                                                    "location": Number(
                                                        628,
                                                    ),
                                                    "names": Array([
                                                        Object({
                                                            "String": Object({
                                                                "sval": String(
                                                                    "internal",
                                                                ),
                                                            }),
                                                        }),
                                                    ]),
                                                    "typemod": Number(
                                                        -1,
                                                    ),
                                                }),
                                                "mode": String(
                                                    "FUNC_PARAM_DEFAULT",
                                                ),
                                            }),
                                        }),
                                        Object({
                                            "FunctionParameter": Object({
                                                "argType": Object({
                                                    "location": Number(
                                                        638,
                                                    ),
                                                    "names": Array([
                                                        Object({
                                                            "String": Object({
                                                                "sval": String(
                                                                    "internal",
                                                                ),
                                                            }),
                                                        }),
                                                    ]),
                                                    "typemod": Number(
                                                        -1,
                                                    ),
                                                }),
                                                "mode": String(
                                                    "FUNC_PARAM_DEFAULT",
                                                ),
                                            }),
                                        }),
                                    ]),
                                    "objname": Array([
                                        Object({
                                            "String": Object({
                                                "sval": String(
                                                    "g_int_penalty",
                                                ),
                                            }),
                                        }),
                                    ]),
                                }),
                                "number": Number(
                                    5,
                                ),
                            }),
                        }),
                        Object({
                            "CreateOpClassItem": Object({
                                "itemtype": Number(
                                    2,
                                ),
                                "name": Object({
                                    "objargs": Array([
                                        Object({
                                            "TypeName": Object({
                                                "location": Number(
                                                    698,
                                                ),
                                                "names": Array([
                                                    Object({
                                                        "String": Object({
                                                            "sval": String(
                                                                "internal",
                                                            ),
                                                        }),
                                                    }),
                                                ]),
                                                "typemod": Number(
                                                    -1,
                                                ),
                                            }),
                                        }),
                                        Object({
                                            "TypeName": Object({
                                                "location": Number(
                                                    708,
                                                ),
                                                "names": Array([
                                                    Object({
                                                        "String": Object({
                                                            "sval": String(
                                                                "internal",
                                                            ),
                                                        }),
                                                    }),
                                                ]),
                                                "typemod": Number(
                                                    -1,
                                                ),
                                            }),
                                        }),
                                    ]),
                                    "objfuncargs": Array([
                                        Object({
                                            "FunctionParameter": Object({
                                                "argType": Object({
                                                    "location": Number(
                                                        698,
                                                    ),
                                                    "names": Array([
                                                        Object({
                                                            "String": Object({
                                                                "sval": String(
                                                                    "internal",
                                                                ),
                                                            }),
                                                        }),
                                                    ]),
                                                    "typemod": Number(
                                                        -1,
                                                    ),
                                                }),
                                                "mode": String(
                                                    "FUNC_PARAM_DEFAULT",
                                                ),
                                            }),
                                        }),
                                        Object({
                                            "FunctionParameter": Object({
                                                "argType": Object({
                                                    "location": Number(
                                                        708,
                                                    ),
                                                    "names": Array([
                                                        Object({
                                                            "String": Object({
                                                                "sval": String(
                                                                    "internal",
                                                                ),
                                                            }),
                                                        }),
                                                    ]),
                                                    "typemod": Number(
                                                        -1,
                                                    ),
                                                }),
                                                "mode": String(
                                                    "FUNC_PARAM_DEFAULT",
                                                ),
                                            }),
                                        }),
                                    ]),
                                    "objname": Array([
                                        Object({
                                            "String": Object({
                                                "sval": String(
                                                    "g_int_picksplit",
                                                ),
                                            }),
                                        }),
                                    ]),
                                }),
                                "number": Number(
                                    6,
                                ),
                            }),
                        }),
                        Object({
                            "CreateOpClassItem": Object({
                                "itemtype": Number(
                                    2,
                                ),
                                "name": Object({
                                    "objargs": Array([
                                        Object({
                                            "TypeName": Object({
                                                "location": Number(
                                                    763,
                                                ),
                                                "names": Array([
                                                    Object({
                                                        "String": Object({
                                                            "sval": String(
                                                                "_int4",
                                                            ),
                                                        }),
                                                    }),
                                                ]),
                                                "typemod": Number(
                                                    -1,
                                                ),
                                            }),
                                        }),
                                        Object({
                                            "TypeName": Object({
                                                "location": Number(
                                                    770,
                                                ),
                                                "names": Array([
                                                    Object({
                                                        "String": Object({
                                                            "sval": String(
                                                                "_int4",
                                                            ),
                                                        }),
                                                    }),
                                                ]),
                                                "typemod": Number(
                                                    -1,
                                                ),
                                            }),
                                        }),
                                        Object({
                                            "TypeName": Object({
                                                "location": Number(
                                                    777,
                                                ),
                                                "names": Array([
                                                    Object({
                                                        "String": Object({
                                                            "sval": String(
                                                                "internal",
                                                            ),
                                                        }),
                                                    }),
                                                ]),
                                                "typemod": Number(
                                                    -1,
                                                ),
                                            }),
                                        }),
                                    ]),
                                    "objfuncargs": Array([
                                        Object({
                                            "FunctionParameter": Object({
                                                "argType": Object({
                                                    "location": Number(
                                                        763,
                                                    ),
                                                    "names": Array([
                                                        Object({
                                                            "String": Object({
                                                                "sval": String(
                                                                    "_int4",
                                                                ),
                                                            }),
                                                        }),
                                                    ]),
                                                    "typemod": Number(
                                                        -1,
                                                    ),
                                                }),
                                                "mode": String(
                                                    "FUNC_PARAM_DEFAULT",
                                                ),
                                            }),
                                        }),
                                        Object({
                                            "FunctionParameter": Object({
                                                "argType": Object({
                                                    "location": Number(
                                                        770,
                                                    ),
                                                    "names": Array([
                                                        Object({
                                                            "String": Object({
                                                                "sval": String(
                                                                    "_int4",
                                                                ),
                                                            }),
                                                        }),
                                                    ]),
                                                    "typemod": Number(
                                                        -1,
                                                    ),
                                                }),
                                                "mode": String(
                                                    "FUNC_PARAM_DEFAULT",
                                                ),
                                            }),
                                        }),
                                        Object({
                                            "FunctionParameter": Object({
                                                "argType": Object({
                                                    "location": Number(
                                                        777,
                                                    ),
                                                    "names": Array([
                                                        Object({
                                                            "String": Object({
                                                                "sval": String(
                                                                    "internal",
                                                                ),
                                                            }),
                                                        }),
                                                    ]),
                                                    "typemod": Number(
                                                        -1,
                                                    ),
                                                }),
                                                "mode": String(
                                                    "FUNC_PARAM_DEFAULT",
                                                ),
                                            }),
                                        }),
                                    ]),
                                    "objname": Array([
                                        Object({
                                            "String": Object({
                                                "sval": String(
                                                    "g_int_same",
                                                ),
                                            }),
                                        }),
                                    ]),
                                }),
                                "number": Number(
                                    7,
                                ),
                            }),
                        }),
                    ]),
                    "opclassname": Array([
                        Object({
                            "String": Object({
                                "sval": String(
                                    "gist__int_ops",
                                ),
                            }),
                        }),
                    ]),
                }),
            ),
            stmt_location: 0,
            stmt_len: Some(
                786,
            ),
        },
    ],
)
