---
source: parser/src/parse.rs
expression: res
---
Ok(
    [
        RawStmt {
            stmt: ExecuteStmt(
                Object({
                    "name": String(
                        "fooplan",
                    ),
                    "params": Array([
                        Object({
                            "A_Const": Object({
                                "ival": Object({
                                    "ival": Number(
                                        1,
                                    ),
                                }),
                                "location": Number(
                                    17,
                                ),
                            }),
                        }),
                        Object({
                            "A_Const": Object({
                                "location": Number(
                                    20,
                                ),
                                "sval": Object({
                                    "sval": String(
                                        "Hunter Valley",
                                    ),
                                }),
                            }),
                        }),
                        Object({
                            "A_Const": Object({
                                "location": Number(
                                    37,
                                ),
                                "sval": Object({
                                    "sval": String(
                                        "t",
                                    ),
                                }),
                            }),
                        }),
                        Object({
                            "A_Const": Object({
                                "fval": Object({
                                    "fval": String(
                                        "200.00",
                                    ),
                                }),
                                "location": Number(
                                    42,
                                ),
                            }),
                        }),
                    ]),
                }),
            ),
            stmt_location: 0,
            stmt_len: Some(
                49,
            ),
        },
    ],
)
