---
source: parser/src/parse.rs
expression: res
---
Ok(
    [
        RawStmt {
            stmt: ExplainStmt(
                Object({
                    "options": Array([
                        Object({
                            "DefElem": Object({
                                "defaction": String(
                                    "DEFELEM_UNSPEC",
                                ),
                                "defname": String(
                                    "analyze",
                                ),
                                "location": Number(
                                    9,
                                ),
                            }),
                        }),
                    ]),
                    "query": Object({
                        "SelectStmt": Object({
                            "fromClause": Array([
                                Object({
                                    "RangeVar": Object({
                                        "inh": Bool(
                                            true,
                                        ),
                                        "location": Number(
                                            31,
                                        ),
                                        "relname": String(
                                            "t1",
                                        ),
                                        "relpersistence": String(
                                            "p",
                                        ),
                                    }),
                                }),
                            ]),
                            "limitOption": String(
                                "LIMIT_OPTION_DEFAULT",
                            ),
                            "op": String(
                                "SETOP_NONE",
                            ),
                            "targetList": Array([
                                Object({
                                    "ResTarget": Object({
                                        "location": Number(
                                            24,
                                        ),
                                        "val": Object({
                                            "ColumnRef": Object({
                                                "fields": Array([
                                                    Object({
                                                        "A_Star": Object({}),
                                                    }),
                                                ]),
                                                "location": Number(
                                                    24,
                                                ),
                                            }),
                                        }),
                                    }),
                                }),
                            ]),
                            "whereClause": Object({
                                "BoolExpr": Object({
                                    "args": Array([
                                        Object({
                                            "A_Expr": Object({
                                                "kind": String(
                                                    "AEXPR_OP",
                                                ),
                                                "lexpr": Object({
                                                    "ColumnRef": Object({
                                                        "fields": Array([
                                                            Object({
                                                                "String": Object({
                                                                    "sval": String(
                                                                        "a",
                                                                    ),
                                                                }),
                                                            }),
                                                        ]),
                                                        "location": Number(
                                                            41,
                                                        ),
                                                    }),
                                                }),
                                                "location": Number(
                                                    43,
                                                ),
                                                "name": Array([
                                                    Object({
                                                        "String": Object({
                                                            "sval": String(
                                                                "=",
                                                            ),
                                                        }),
                                                    }),
                                                ]),
                                                "rexpr": Object({
                                                    "A_Const": Object({
                                                        "ival": Object({
                                                            "ival": Number(
                                                                1,
                                                            ),
                                                        }),
                                                        "location": Number(
                                                            45,
                                                        ),
                                                    }),
                                                }),
                                            }),
                                        }),
                                        Object({
                                            "A_Expr": Object({
                                                "kind": String(
                                                    "AEXPR_OP",
                                                ),
                                                "lexpr": Object({
                                                    "ColumnRef": Object({
                                                        "fields": Array([
                                                            Object({
                                                                "String": Object({
                                                                    "sval": String(
                                                                        "b",
                                                                    ),
                                                                }),
                                                            }),
                                                        ]),
                                                        "location": Number(
                                                            53,
                                                        ),
                                                    }),
                                                }),
                                                "location": Number(
                                                    55,
                                                ),
                                                "name": Array([
                                                    Object({
                                                        "String": Object({
                                                            "sval": String(
                                                                "=",
                                                            ),
                                                        }),
                                                    }),
                                                ]),
                                                "rexpr": Object({
                                                    "A_Const": Object({
                                                        "ival": Object({}),
                                                        "location": Number(
                                                            57,
                                                        ),
                                                    }),
                                                }),
                                            }),
                                        }),
                                    ]),
                                    "boolop": String(
                                        "AND_EXPR",
                                    ),
                                    "location": Number(
                                        48,
                                    ),
                                }),
                            }),
                        }),
                    }),
                }),
            ),
            stmt_location: 0,
            stmt_len: Some(
                59,
            ),
        },
    ],
)
