---
source: parser/src/parse.rs
expression: res
---
Ok(
    [
        RawStmt {
            stmt: AlterPublicationStmt(
                Object({
                    "action": String(
                        "AP_AddObjects",
                    ),
                    "options": Array([
                        Object({
                            "DefElem": Object({
                                "arg": Object({
                                    "String": Object({
                                        "sval": String(
                                            "update, delete",
                                        ),
                                    }),
                                }),
                                "defaction": String(
                                    "DEFELEM_UNSPEC",
                                ),
                                "defname": String(
                                    "publish",
                                ),
                                "location": Number(
                                    33,
                                ),
                            }),
                        }),
                    ]),
                    "pubname": String(
                        "noinsert",
                    ),
                }),
            ),
            stmt_location: 0,
            stmt_len: Some(
                60,
            ),
        },
        RawStmt {
            stmt: AlterPublicationStmt(
                Object({
                    "action": String(
                        "AP_AddObjects",
                    ),
                    "pubname": String(
                        "mypublication",
                    ),
                    "pubobjects": Array([
                        Object({
                            "PublicationObjSpec": Object({
                                "pubobjtype": String(
                                    "PUBLICATIONOBJ_TABLE",
                                ),
                                "pubtable": Object({
                                    "relation": Object({
                                        "inh": Bool(
                                            true,
                                        ),
                                        "location": Number(
                                            104,
                                        ),
                                        "relname": String(
                                            "users",
                                        ),
                                        "relpersistence": String(
                                            "p",
                                        ),
                                    }),
                                }),
                            }),
                        }),
                        Object({
                            "PublicationObjSpec": Object({
                                "location": Number(
                                    111,
                                ),
                                "pubobjtype": String(
                                    "PUBLICATIONOBJ_TABLE",
                                ),
                                "pubtable": Object({
                                    "relation": Object({
                                        "inh": Bool(
                                            true,
                                        ),
                                        "location": Number(
                                            111,
                                        ),
                                        "relname": String(
                                            "departments",
                                        ),
                                        "relpersistence": String(
                                            "p",
                                        ),
                                    }),
                                }),
                            }),
                        }),
                    ]),
                }),
            ),
            stmt_location: 61,
            stmt_len: Some(
                61,
            ),
        },
        RawStmt {
            stmt: RenameStmt(
                RenameStmt {
                    newname: "new_name",
                    behavior: Restrict,
                    relation: None,
                    relation_type: AccessMethod,
                    rename_type: Publication,
                    subname: None,
                },
            ),
            stmt_location: 123,
            stmt_len: None,
        },
    ],
)
