---
source: parser/src/parse.rs
expression: res
---
Ok(
    [
        RawStmt {
            stmt: CreatePublicationStmt(
                Object({
                    "pubname": String(
                        "mypublication",
                    ),
                    "pubobjects": Array([
                        Object({
                            "PublicationObjSpec": Object({
                                "pubobjtype": String(
                                    "PUBLICATIONOBJ_TABLE",
                                ),
                                "pubtable": Object({
                                    "relation": Object({
                                        "inh": Bool(
                                            true,
                                        ),
                                        "location": Number(
                                            44,
                                        ),
                                        "relname": String(
                                            "users",
                                        ),
                                        "relpersistence": String(
                                            "p",
                                        ),
                                    }),
                                }),
                            }),
                        }),
                        Object({
                            "PublicationObjSpec": Object({
                                "location": Number(
                                    51,
                                ),
                                "pubobjtype": String(
                                    "PUBLICATIONOBJ_TABLE",
                                ),
                                "pubtable": Object({
                                    "relation": Object({
                                        "inh": Bool(
                                            true,
                                        ),
                                        "location": Number(
                                            51,
                                        ),
                                        "relname": String(
                                            "departments",
                                        ),
                                        "relpersistence": String(
                                            "p",
                                        ),
                                    }),
                                }),
                            }),
                        }),
                    ]),
                }),
            ),
            stmt_location: 0,
            stmt_len: Some(
                62,
            ),
        },
        RawStmt {
            stmt: CreatePublicationStmt(
                Object({
                    "options": Array([
                        Object({
                            "DefElem": Object({
                                "arg": Object({
                                    "String": Object({
                                        "sval": String(
                                            "insert",
                                        ),
                                    }),
                                }),
                                "defaction": String(
                                    "DEFELEM_UNSPEC",
                                ),
                                "defname": String(
                                    "publish",
                                ),
                                "location": Number(
                                    122,
                                ),
                            }),
                        }),
                    ]),
                    "pubname": String(
                        "insert_only",
                    ),
                    "pubobjects": Array([
                        Object({
                            "PublicationObjSpec": Object({
                                "pubobjtype": String(
                                    "PUBLICATIONOBJ_TABLE",
                                ),
                                "pubtable": Object({
                                    "relation": Object({
                                        "inh": Bool(
                                            true,
                                        ),
                                        "location": Number(
                                            105,
                                        ),
                                        "relname": String(
                                            "mydata",
                                        ),
                                        "relpersistence": String(
                                            "p",
                                        ),
                                    }),
                                }),
                            }),
                        }),
                    ]),
                }),
            ),
            stmt_location: 63,
            stmt_len: Some(
                78,
            ),
        },
    ],
)
