---
source: linter/src/rules/prefer_timestamptz.rs
expression: res
---
[
    RuleViolation {
        kind: PreferTimestampTz,
        span: Span {
            start: 48,
            len: None,
        },
        messages: [
            Note(
                "A timestamp field without a timezone can lead to data loss, depending on your database session timezone.",
            ),
            Help(
                "Use timestamptz instead of timestamp for your column type.",
            ),
        ],
    },
    RuleViolation {
        kind: PreferTimestampTz,
        span: Span {
            start: 125,
            len: None,
        },
        messages: [
            Note(
                "A timestamp field without a timezone can lead to data loss, depending on your database session timezone.",
            ),
            Help(
                "Use timestamptz instead of timestamp for your column type.",
            ),
        ],
    },
]
