---
source: crates/squawk_linter/src/rules/transaction_nesting.rs
expression: errors
---
[
    Violation {
        code: TransactionNesting,
        message: "Attempting to end the transaction that is managed by your migration tool",
        text_range: 11..17,
        help: Some(
            "Put migration statements in separate files to have them be in separate transactions or don't use the assume-in-transaction setting.",
        ),
    },
]
