---
source: crates/squawk_linter/src/rules/changing_column_type.rs
expression: errors
---
[
    Violation {
        code: ChangingColumnType,
        message: "Changing a column type requires an `ACCESS EXCLUSIVE` lock on the table which blocks reads and writes while the table is rewritten. Changing the type of the column may also break other clients reading from the table.",
        text_range: 88..131,
        help: None,
    },
    Violation {
        code: ChangingColumnType,
        message: "Changing a column type requires an `ACCESS EXCLUSIVE` lock on the table which blocks reads and writes while the table is rewritten. Changing the type of the column may also break other clients reading from the table.",
        text_range: 178..205,
        help: None,
    },
]
