---
source: crates/squawk_fmt/tests/tests.rs
input_file: crates/squawk_fmt/tests/before/set_role.sql
---
set role app_user;

set local role none;

set session role current_user;

set role group legacy_user;

set role 'literal role';

set
  session
  role
  an_intentionally_long_role_name_that_makes_this_statement_longer_than_eighty_characters;

/* before set */
set
  /* before scope */ local
  /* before role */ role
  /* before target */ group /* before role name */ legacy_user/* before semicolon */;
