---
source: src/parse.rs
expression: res
---
Ok(
    [
        RawStmt(
            RawStmt {
                stmt: DeallocateStmt(
                    Object({}),
                ),
                stmt_location: 0,
                stmt_len: Some(
                    23,
                ),
            },
        ),
    ],
)
